xargs: sysconf(_SC_ARG_MAX) failed
Picked up JAVA_TOOL_OPTIONS: -Djava.net.preferIPv4Stack=true -Djava.net.preferIPv6Addresses=false

FAILURE: Build failed with an exception.

* What went wrong:
Gradle could not start your build.
> Could not create service of type FileLockContentionHandler using BasicGlobalScopeServices.createFileLockContentionHandler().
   > Could not determine a usable wildcard IP for this machine.

* Try:
> Run with --stacktrace option to get the stack trace.
> Run with --info or --debug option to get more log output.
> Run with --scan to get full insights.
> Get more help at https://help.gradle.org.
